  * * * * * * GABS Version 12 [08-May-2019] Report file  * * * * * * 
  Current date: 23:04:26 08-May-2019
  ENSDF input file: Ag108_ec_gabs.in
  Calculating new normalization factor * * * * *
  New ENSDF file:   Ag108_ec_gabs.new
 
  Data set: 108AG EC DECAY (2.382 M)
  Transitions used for normalization:
    108PD  G 433.96     5 100                                                     X
    108PD  G 931.12    20 0.11    1                                               X
    108PD  G 1441.14   10 0.61    4                                               X
    108PD  G 1540.0     2 0.21    2                                               X
 
  Data set: 108AG B- DECAY (2.382 M)
  Transitions used for normalization:
    108CD  G 632.98     5 350    18                                               X
 
  Normalization: 108AG EC DECAY (2.382 M)  NR=    0.173  BR=   0.0290 30
  E=433.96(5)        %IG=0.50 (4)      Compare with %IG=0.50(5)
  E=497.1(2)         %IG=0.0023 (6)
  E=931.12(20)       %IG=0.00055 (6)   Compare with %IG=0.00055(8)
  E=618.86(5)        %IG=0.263 (23)
  E=383.2(10)        %IG=0.00090 (31)
  E=880.26(10)       %IG=0.00321 (34)
  E=388.6(4)         %IG=0.0019 (6)
  E=510.1(2)         %IG=0.00352 LE
  E=1007.22(6)       %IG=0.0140 (12)
  E=1441.14(10)      %IG=0.00306 (30)  Compare with %IG=0.0031(4)
  E=1106.00(7)       %IG=0.00166 (19)
  E=1540.0(2)        %IG=0.00105 (13)  Compare with %IG=0.00105(15)
 
  Normalization: 108AG B- DECAY (2.382 M)  NR=  0.00517  BR=   0.9710 30
  E=632.98(5)        %IG=1.76 (9)      Compare with %IG=1.76(9)
